// Jest Snapshot v1, https://goo.gl/fbAQLP

exports[`BackToTop should correctly render 1`] = `
<button
  aria-label="Back to Top"
  className="back-to-top"
  hidden={true}
  onClick={[Function]}
  title="Back to Top"
  type="button"
>
  <i
    className="fas fa-arrow-up"
  />
</button>
`;
