// Jest Snapshot v1, https://goo.gl/fbAQLP

exports[`Footer should correctly render 1`] = `
<footer
  className="footer"
>
  <span>
    Powered by
  </span>
  <a
    className="footer__link"
    href="https://newsapi.org"
    rel="noopener noreferrer"
    target="_blank"
  >
    NewsAPI.org
  </a>
</footer>
`;
