// Jest Snapshot v1, https://goo.gl/fbAQLP

exports[`ErrorBoundary should render error message 1`] = `
<h1>
  OOPS an Error Occurred
</h1>
`;
