// Jest Snapshot v1, https://goo.gl/fbAQLP

exports[`App should correctly render 1`] = `
<React.Fragment>
  <div
    className="app"
  >
    <header
      className="app__header"
    >
      <FilterPanel
        categories={
          Array [
            "business",
            "entertainment",
            "general",
            "health",
            "science",
            "sports",
            "technology",
          ]
        }
        countries={Array []}
        onCategoryChanged={[Function]}
        onCountryChanged={[Function]}
        onSearchPhraseChanged={[Function]}
        q=""
        selectedCategory="general"
        selectedCountry="us"
      />
      <SortPanel
        onSortByChanged={[Function]}
        sortBy="date"
        sortOptions={
          Array [
            "date",
            "source",
          ]
        }
      />
    </header>
    <ArticleList
      articles={Array []}
      fetching={false}
      onPageChanged={[Function]}
      page={1}
      pageSize={12}
      totalResults={0}
    />
    <Footer />
  </div>
  <BackToTop />
</React.Fragment>
`;
